{"success":true,"content":"Here is your definitive Content Calendar for January, designed with \"Testing\" as the primary goal and a frequency of three posts per week.\n\n---\n\n## January Content Calendar: Testing Phase\n\n**Goal:** To test various content pillars, topics, and formats to identify audience engagement and preferences.\n\n| Date     | Day       | Content Pillar          | Content Topic                               | Format    | Caption/Hook                                                                                                 |\n| :------- | :-------- | :---------------------- | :------------------------------------------ | :-------- | :----------------------------------------------------------------------------------------------------------- |\n| Jan 1    | Monday    | Inspiration             | New Year, New Goals: Setting Intentions     | Reel      | Kick off January strong! ✨ What's ONE intention you're setting for a powerful start? Share below! #NewYearGoals |\n| Jan 3    | Wednesday | Education               | 3 Simple Productivity Hacks for a Fresh Start | Carousel  | Level up your first week! 🚀 Swipe for 3 easy hacks to boost your productivity. Which one will you try first? |\n| Jan 5    | Friday    | Engagement              | Weekend Reflection: What are you looking forward to? | Image     | Hello, weekend! 👋 What's bringing you joy or excitement this weekend? Let's share some positive vibes!       |\n| Jan 8    | Monday    | Motivation              | Overcoming Procrastination: Just Start!     | Reel      | Stuck in a rut? 😩 Sometimes, the hardest part is just starting. Let's break it down together! #MotivationMonday |\n| Jan 10   | Wednesday | Education               | Debunking a Common Myth in [Your Niche]     | Carousel  | Think you know it all? 🤔 Swipe to uncover a widely believed myth we're debunking today! #MythBuster          |\n| Jan 12   | Friday    | Behind-the-Scenes       | A Glimpse Into My Creative Process          | Image     | Ever wonder how ideas come to life? 💡 Here's a peek behind the curtain at my creative space! #BTS            |\n| Jan 15   | Monday    | Problem/Solution        | The Art of Saying \"No\": Setting Boundaries  | Reel      | Feeling overwhelmed? 🙅‍♀️ Learning to say \"no\" is a superpower. Here's why it's essential for your well-being. |\n| Jan 17   | Wednesday | Engagement              | \"Would You Rather\" Challenge                | Carousel  | Time for some fun! 🎉 Swipe through our \"Would You Rather\" questions and tell us your picks! #InteractivePost  |\n| Jan 19   | Friday    | Inspiration             | Friday Gratitude: What are you thankful for? | Image     | As the week winds down, let's pause for gratitude. 🙏 What's one thing you're truly thankful for today?       |\n| Jan 22   | Monday    | Education               | 5 Essential Tools for [Specific Task]       | Reel      | Streamline your work! 🛠️ Discover 5 tools that make [specific task] so much easier. You'll thank me later!    |\n| Jan 24   | Wednesday | Community/Interaction   | Ask Me Anything (AMA) - Drop Your Questions! | Carousel  | Your turn! 🎤 I'm opening up for an AMA. Drop your questions in the comments and I'll answer them! #AMA       |\n| Jan 26   | Friday    | Motivation              | The Power of Small Wins: Celebrate Progress | Image     | Don't underestimate the small steps! ✨ Every little win adds up. What's a small victory you celebrated this week? |\n| Jan 29   | Monday    | Inspiration             | Shifting Your Perspective: A New Lens       | Reel      | Feeling stuck? 🔄 Sometimes, all it takes is a shift in perspective. Let's try it together! #MindsetMonday     |\n| Jan 31   | Wednesday | Reflection/Look Ahead   | January Wrap-Up & February Sneak Peek       | Carousel  | January, it's been real! 👋 What was your biggest learning this month? Plus, a little hint of what's to come! |\n\n---"}